// Jest Snapshot v1, https://goo.gl/fbAQLP

exports[`#render should show snapshot 1`] = `
<div>
  <button
    className="btn btn-primary"
    onClick={undefined}
  >
    Send
  </button>
  <button
    className="btn btn-default"
    onClick={undefined}
  >
    Cancel
  </button>
</div>
`;
